Archive member included because of file (symbol)

d:/dave-ide-4.4.2-64bit/eclipse/arm-gcc-49/bin/../lib/gcc/arm-none-eabi/4.9.3/../../../../arm-none-eabi/lib/armv7e-m/softfp\libg.a(lib_a-errno.o)
                              ./Libraries/Newlib/syscalls.o (__errno)
d:/dave-ide-4.4.2-64bit/eclipse/arm-gcc-49/bin/../lib/gcc/arm-none-eabi/4.9.3/../../../../arm-none-eabi/lib/armv7e-m/softfp\libg.a(lib_a-impure.o)
                              d:/dave-ide-4.4.2-64bit/eclipse/arm-gcc-49/bin/../lib/gcc/arm-none-eabi/4.9.3/../../../../arm-none-eabi/lib/armv7e-m/softfp\libg.a(lib_a-errno.o) (_impure_ptr)
d:/dave-ide-4.4.2-64bit/eclipse/arm-gcc-49/bin/../lib/gcc/arm-none-eabi/4.9.3/../../../../arm-none-eabi/lib/armv7e-m/softfp\libg.a(lib_a-init.o)
                              ./Startup/startup_XMC4700.o (__libc_init_array)
d:/dave-ide-4.4.2-64bit/eclipse/arm-gcc-49/bin/../lib/gcc/arm-none-eabi/4.9.3/../../../../arm-none-eabi/lib/armv7e-m/softfp\libg.a(lib_a-memcpy.o)
                              ./Libraries/XMCLib/src/xmc_eth_mac.o (memcpy)
d:/dave-ide-4.4.2-64bit/eclipse/arm-gcc-49/bin/../lib/gcc/arm-none-eabi/4.9.3/../../../../arm-none-eabi/lib/armv7e-m/softfp\libg.a(lib_a-memset.o)
                              ./Libraries/XMCLib/src/xmc_usbd.o (memset)

Allocating common symbols
Common symbol       size              file

g_timer_tbl         0x120             ./Dave/Generated/SYSTIMER/systimer.o
xmc_device          0x208             ./Libraries/XMCLib/src/xmc_usbd.o

Discarded input sections

 .text          0x00000000        0x0 ./Startup/startup_XMC4700.o
 .data          0x00000000        0x0 ./Startup/startup_XMC4700.o
 .bss           0x00000000        0x0 ./Startup/startup_XMC4700.o
 .text          0x00000000        0x0 ./Startup/system_XMC4700.o
 .data          0x00000000        0x0 ./Startup/system_XMC4700.o
 .bss           0x00000000        0x0 ./Startup/system_XMC4700.o
 .text.delay    0x00000000       0x28 ./Startup/system_XMC4700.o
 .text.SystemCoreSetup
                0x00000000       0x70 ./Startup/system_XMC4700.o
 .text.SystemCoreClockSetup
                0x00000000      0x258 ./Startup/system_XMC4700.o
 .text.OSCHP_GetFrequency
                0x00000000       0x14 ./Startup/system_XMC4700.o
 .comment       0x00000000       0x71 ./Startup/system_XMC4700.o
 .text          0x00000000        0x0 ./Libraries/XMCLib/src/xmc4_eru.o
 .data          0x00000000        0x0 ./Libraries/XMCLib/src/xmc4_eru.o
 .bss           0x00000000        0x0 ./Libraries/XMCLib/src/xmc4_eru.o
 .text.XMC_ERU_Enable
                0x00000000       0x2c ./Libraries/XMCLib/src/xmc4_eru.o
 .text.XMC_ERU_Disable
                0x00000000       0x2c ./Libraries/XMCLib/src/xmc4_eru.o
 .debug_info    0x00000000      0x658 ./Libraries/XMCLib/src/xmc4_eru.o
 .debug_abbrev  0x00000000      0x180 ./Libraries/XMCLib/src/xmc4_eru.o
 .debug_loc     0x00000000       0xa0 ./Libraries/XMCLib/src/xmc4_eru.o
 .debug_aranges
                0x00000000       0x28 ./Libraries/XMCLib/src/xmc4_eru.o
 .debug_ranges  0x00000000       0x18 ./Libraries/XMCLib/src/xmc4_eru.o
 .debug_line    0x00000000      0x241 ./Libraries/XMCLib/src/xmc4_eru.o
 .debug_str     0x00000000      0x9a4 ./Libraries/XMCLib/src/xmc4_eru.o
 .comment       0x00000000       0x71 ./Libraries/XMCLib/src/xmc4_eru.o
 .debug_frame   0x00000000       0x60 ./Libraries/XMCLib/src/xmc4_eru.o
 .ARM.attributes
                0x00000000       0x37 ./Libraries/XMCLib/src/xmc4_eru.o
 .text          0x00000000        0x0 ./Libraries/XMCLib/src/xmc4_flash.o
 .data          0x00000000        0x0 ./Libraries/XMCLib/src/xmc4_flash.o
 .bss           0x00000000        0x0 ./Libraries/XMCLib/src/xmc4_flash.o
 .text.XMC_FLASH_lEnterPageModeCommand
                0x00000000       0x20 ./Libraries/XMCLib/src/xmc4_flash.o
 .text.XMC_FLASH_lLoadPageCommand
                0x00000000       0x30 ./Libraries/XMCLib/src/xmc4_flash.o
 .text.XMC_FLASH_lWritePageCommand
                0x00000000       0x44 ./Libraries/XMCLib/src/xmc4_flash.o
 .text.XMC_FLASH_lWriteUCBPageCommand
                0x00000000       0x44 ./Libraries/XMCLib/src/xmc4_flash.o
 .text.XMC_FLASH_lEraseSectorCommand
                0x00000000       0x58 ./Libraries/XMCLib/src/xmc4_flash.o
 .text.XMC_FLASH_lDisableSectorWriteProtectionCommand
                0x00000000       0x64 ./Libraries/XMCLib/src/xmc4_flash.o
 .text.XMC_FLASH_lDisableReadProtectionCommand
                0x00000000       0x60 ./Libraries/XMCLib/src/xmc4_flash.o
 .text.XMC_FLASH_lClearStatusCommand
                0x00000000       0x20 ./Libraries/XMCLib/src/xmc4_flash.o
 .text.XMC_FLASH_ClearStatus
                0x00000000        0xc ./Libraries/XMCLib/src/xmc4_flash.o
 .text.XMC_FLASH_GetStatus
                0x00000000       0x1c ./Libraries/XMCLib/src/xmc4_flash.o
 .text.XMC_FLASH_EnableEvent
                0x00000000       0x30 ./Libraries/XMCLib/src/xmc4_flash.o
 .text.XMC_FLASH_DisableEvent
[...]
Memory Configuration

Name             Origin             Length             Attributes
FLASH_1_cached   0x08000000         0x00200000         xr
FLASH_1_uncached 0x0c000000         0x00200000         xr
PSRAM_1          0x1ffe8000         0x00018000         !xr
DSRAM_1_system   0x20000000         0x00020000         !xr
DSRAM_2_comm     0x20020000         0x00020000         !xr
SRAM_combined    0x1ffe8000         0x00058000         !xr
*default*        0x00000000         0xffffffff

Linker script and memory map

LOAD ./Startup/startup_XMC4700.o
LOAD ./Startup/system_XMC4700.o
LOAD ./Libraries/XMCLib/src/xmc4_eru.o
LOAD ./Libraries/XMCLib/src/xmc4_flash.o
LOAD ./Libraries/XMCLib/src/xmc4_gpio.o
LOAD ./Libraries/XMCLib/src/xmc4_rtc.o
LOAD ./Libraries/XMCLib/src/xmc4_scu.o
LOAD ./Libraries/XMCLib/src/xmc_can.o
LOAD ./Libraries/XMCLib/src/xmc_ccu4.o
LOAD ./Libraries/XMCLib/src/xmc_ccu8.o
LOAD ./Libraries/XMCLib/src/xmc_common.o
LOAD ./Libraries/XMCLib/src/xmc_dac.o
LOAD ./Libraries/XMCLib/src/xmc_dma.o
LOAD ./Libraries/XMCLib/src/xmc_dsd.o
LOAD ./Libraries/XMCLib/src/xmc_ebu.o
LOAD ./Libraries/XMCLib/src/xmc_ecat.o
LOAD ./Libraries/XMCLib/src/xmc_eru.o
LOAD ./Libraries/XMCLib/src/xmc_eth_mac.o
LOAD ./Libraries/XMCLib/src/xmc_eth_phy_dp83848.o
LOAD ./Libraries/XMCLib/src/xmc_eth_phy_ksz8031rnl.o
LOAD ./Libraries/XMCLib/src/xmc_eth_phy_ksz8081rnb.o
LOAD ./Libraries/XMCLib/src/xmc_fce.o
LOAD ./Libraries/XMCLib/src/xmc_gpio.o
LOAD ./Libraries/XMCLib/src/xmc_hrpwm.o
LOAD ./Libraries/XMCLib/src/xmc_i2c.o
LOAD ./Libraries/XMCLib/src/xmc_i2s.o
LOAD ./Libraries/XMCLib/src/xmc_ledts.o
LOAD ./Libraries/XMCLib/src/xmc_posif.o
LOAD ./Libraries/XMCLib/src/xmc_rtc.o
LOAD ./Libraries/XMCLib/src/xmc_sdmmc.o
LOAD ./Libraries/XMCLib/src/xmc_spi.o
LOAD ./Libraries/XMCLib/src/xmc_uart.o
LOAD ./Libraries/XMCLib/src/xmc_usbd.o
LOAD ./Libraries/XMCLib/src/xmc_usbh.o
LOAD ./Libraries/XMCLib/src/xmc_usic.o
LOAD ./Libraries/XMCLib/src/xmc_vadc.o
LOAD ./Libraries/XMCLib/src/xmc_wdt.o
LOAD ./Libraries/Newlib/syscalls.o
LOAD ./Dave/Generated/SYSTIMER/systimer.o
LOAD ./Dave/Generated/SYSTIMER/systimer_conf.o
LOAD ./Dave/Generated/DIGITAL_IO/digital_io.o
LOAD ./Dave/Generated/DIGITAL_IO/digital_io_conf.o
LOAD ./Dave/Generated/CPU_CTRL_XMC4/cpu_ctrl_xmc4.o
LOAD ./Dave/Generated/CPU_CTRL_XMC4/cpu_ctrl_xmc4_conf.o
LOAD ./Dave/Generated/CLOCK_XMC4/clock_xmc4.o
LOAD ./Dave/Generated/CLOCK_XMC4/clock_xmc4_conf.o
LOAD ./Dave/Generated/DAVE.o
LOAD ./main.o
LOAD d:/dave-ide-4.4.2-64bit/eclipse/arm-gcc-49/bin/../lib/gcc/arm-none-eabi/4.9.3/../../../../arm-none-eabi/lib/armv7e-m/softfp\libm.a
START GROUP
LOAD d:/dave-ide-4.4.2-64bit/eclipse/arm-gcc-49/bin/../lib/gcc/arm-none-eabi/4.9.3/armv7e-m/softfp\libgcc.a
LOAD d:/dave-ide-4.4.2-64bit/eclipse/arm-gcc-49/bin/../lib/gcc/arm-none-eabi/4.9.3/../../../../arm-none-eabi/lib/armv7e-m/softfp\libg.a
LOAD d:/dave-ide-4.4.2-64bit/eclipse/arm-gcc-49/bin/../lib/gcc/arm-none-eabi/4.9.3/../../../../arm-none-eabi/lib/armv7e-m/softfp\libc.a
END GROUP
START GROUP
LOAD d:/dave-ide-4.4.2-64bit/eclipse/arm-gcc-49/bin/../lib/gcc/arm-none-eabi/4.9.3/armv7e-m/softfp\libgcc.a
LOAD d:/dave-ide-4.4.2-64bit/eclipse/arm-gcc-49/bin/../lib/gcc/arm-none-eabi/4.9.3/../../../../arm-none-eabi/lib/armv7e-m/softfp\libc.a
LOAD d:/dave-ide-4.4.2-64bit/eclipse/arm-gcc-49/bin/../lib/gcc/arm-none-eabi/4.9.3/../../../../arm-none-eabi/lib/armv7e-m/softfp\libnosys.a
END GROUP
                0x00000800                stack_size = DEFINED (stack_size)?stack_size:0x800
                0x00000040                no_init_size = 0x40

.text           0x08000000     0x19b0 load address 0x0c000000
                0x08000000                sText = .
 *(.reset)
 .reset         0x08000000      0x29c ./Startup/startup_XMC4700.o
                0x08000000                __Vectors
                0x08000200                Reset_Handler
                0x08000298                DSD0_7_IRQHandler
                0x08000298                DebugMon_Handler
                0x08000298                VADC0_C0_0_IRQHandler
                0x08000298                CAN0_4_IRQHandler
                0x08000298                VADC0_G2_0_IRQHandler
                0x08000298                USIC0_5_IRQHandler
                0x08000298                POSIF0_0_IRQHandler
                0x08000298                POSIF1_0_IRQHandler
                0x08000298                HardFault_Handler
                0x08000298                VADC0_G1_1_IRQHandler
                0x08000298                PendSV_Handler
                0x08000298                NMI_Handler
                0x08000298                USIC1_3_IRQHandler
                0x08000298                CCU40_2_IRQHandler
                0x08000298                SCU_0_IRQHandler
                0x08000298                ERU0_0_IRQHandler
                0x08000298                CCU41_0_IRQHandler
                0x08000298                USIC1_5_IRQHandler
                0x08000298                DSD0_4_IRQHandler
                0x08000298                CCU80_1_IRQHandler
                0x08000298                CCU81_0_IRQHandler
                0x08000298                UsageFault_Handler
                0x08000298                USIC0_0_IRQHandler
                0x08000298                POSIF1_1_IRQHandler
                0x08000298                ERU0_2_IRQHandler
                0x08000298                CCU81_1_IRQHandler
                0x08000298                ERU1_1_IRQHandler
                0x08000298                VADC0_G2_3_IRQHandler
                0x08000298                VADC0_G2_2_IRQHandler
                0x08000298                CCU42_3_IRQHandler
                0x08000298                ERU0_3_IRQHandler
                0x08000298                DSD0_5_IRQHandler
                0x08000298                VADC0_C0_3_IRQHandler
                0x08000298                CAN0_6_IRQHandler
                0x08000298                CCU43_0_IRQHandler
                0x08000298                VADC0_G0_1_IRQHandler
                0x08000298                CCU81_2_IRQHandler
                0x08000298                USIC2_4_IRQHandler
                0x08000298                CCU81_3_IRQHandler
                0x08000298                CCU42_1_IRQHandler
                0x08000298                USIC1_1_IRQHandler
                0x08000298                USIC2_5_IRQHandler
                0x08000298                CCU40_0_IRQHandler
                0x08000298                CAN0_0_IRQHandler
                0x08000298                ERU1_0_IRQHandler
                0x08000298                CCU42_2_IRQHandler
                0x08000298                Default_Handler
                0x08000298                USIC1_4_IRQHandler
                0x08000298                ERU1_3_IRQHandler
                0x08000298                USIC1_0_IRQHandler
                0x08000298                POSIF0_1_IRQHandler
                0x08000298                VADC0_G0_0_IRQHandler
                0x08000298                DSD0_2_IRQHandler
                0x08000298                CCU80_3_IRQHandler
                0x08000298                CCU41_3_IRQHandler
                0x08000298                CCU80_2_IRQHandler
                0x08000298                VADC0_G1_3_IRQHandler
                0x08000298                VADC0_G0_3_IRQHandler
                0x08000298                GPDMA0_0_IRQHandler
                0x08000298                PMU0_0_IRQHandler
                0x08000298                CAN0_7_IRQHandler
                0x08000298                DSD0_1_IRQHandler
                0x08000298                CCU41_2_IRQHandler
                0x08000298                VADC0_C0_1_IRQHandler
                0x08000298                CCU43_2_IRQHandler
                0x08000298                USIC2_2_IRQHandler
                0x08000298                MemManage_Handler
                0x08000298                VADC0_G3_1_IRQHandler
                0x08000298                DAC0_0_IRQHandler
                0x08000298                SVC_Handler
                0x08000298                VADC0_G3_3_IRQHandler
                0x08000298                ERU1_2_IRQHandler
                0x08000298                CCU41_1_IRQHandler
                0x08000298                DSD0_6_IRQHandler
                0x08000298                CCU43_1_IRQHandler
                0x08000298                VADC0_G1_2_IRQHandler
                0x08000298                USIC2_3_IRQHandler
                0x08000298                CAN0_2_IRQHandler
                0x08000298                USIC2_0_IRQHandler
                0x08000298                VADC0_G0_2_IRQHandler
                0x08000298                VADC0_G2_1_IRQHandler
                0x08000298                CAN0_3_IRQHandler
                0x08000298                ETH0_0_IRQHandler
                0x08000298                USIC0_3_IRQHandler
                0x08000298                DSD0_0_IRQHandler
                0x08000298                VADC0_C0_2_IRQHandler
                0x08000298                CCU42_0_IRQHandler
                0x08000298                FCE0_0_IRQHandler
                0x08000298                VADC0_G1_0_IRQHandler
                0x08000298                USB0_0_IRQHandler
                0x08000298                CAN0_5_IRQHandler
                0x08000298                CCU80_0_IRQHandler
                0x08000298                CCU40_1_IRQHandler
                0x08000298                USIC2_1_IRQHandler
                0x08000298                USIC0_1_IRQHandler
                0x08000298                VADC0_G3_2_IRQHandler
                0x08000298                CCU40_3_IRQHandler
                0x08000298                BusFault_Handler
                0x08000298                LEDTS0_0_IRQHandler
                0x08000298                USIC0_4_IRQHandler
                0x08000298                CCU43_3_IRQHandler
                0x08000298                ERU0_1_IRQHandler
                0x08000298                VADC0_G3_0_IRQHandler
                0x08000298                USIC1_2_IRQHandler
                0x08000298                DSD0_3_IRQHandler
                0x08000298                SDMMC0_0_IRQHandler
                0x08000298                CAN0_1_IRQHandler
                0x08000298                USIC0_2_IRQHandler
                0x08000298                DAC0_1_IRQHandler
                0x08000298                GPDMA1_0_IRQHandler
 *(.text .text.* .gnu.linkonce.t.*)
 .text.SystemInit
                0x0800029c       0x20 ./Startup/system_XMC4700.o
                0x0800029c                SystemInit
 .text.SystemCoreClockUpdate
                0x080002bc       0xd4 ./Startup/system_XMC4700.o
                0x080002bc                SystemCoreClockUpdate
 .text.XMC_GPIO_Init
                0x08000390      0x14c ./Libraries/XMCLib/src/xmc4_gpio.o
                0x08000390                XMC_GPIO_Init
 .text.XMC_SCU_GetMirrorStatus
                0x080004dc       0x18 ./Libraries/XMCLib/src/xmc4_scu.o
 .text.XMC_SCU_lDelay
                0x080004f4       0x44 ./Libraries/XMCLib/src/xmc4_scu.o
 .text.XMC_SCU_INTERUPT_GetEventStatus
                0x08000538       0x18 ./Libraries/XMCLib/src/xmc4_scu.o
                0x08000538                XMC_SCU_INTERUPT_GetEventStatus
 .text.XMC_SCU_INTERRUPT_ClearEventStatus
                0x08000550       0x1c ./Libraries/XMCLib/src/xmc4_scu.o
                0x08000550                XMC_SCU_INTERRUPT_ClearEventStatus
 .text.XMC_SCU_CLOCK_Init
                0x0800056c       0xf8 ./Libraries/XMCLib/src/xmc4_scu.o
                0x0800056c                XMC_SCU_CLOCK_Init
 .text.XMC_SCU_CLOCK_SetSystemClockSource
                0x08000664       0x28 ./Libraries/XMCLib/src/xmc4_scu.o
                0x08000664                XMC_SCU_CLOCK_SetSystemClockSource
 .text.XMC_SCU_CLOCK_SetUsbClockSource
                0x0800068c       0x28 ./Libraries/XMCLib/src/xmc4_scu.o
                0x0800068c                XMC_SCU_CLOCK_SetUsbClockSource
 .text.XMC_SCU_CLOCK_SetWdtClockSource
                0x080006b4       0x28 ./Libraries/XMCLib/src/xmc4_scu.o
                0x080006b4                XMC_SCU_CLOCK_SetWdtClockSource
 .text.XMC_SCU_CLOCK_SetSystemPllClockSource
                0x080006dc       0x40 ./Libraries/XMCLib/src/xmc4_scu.o
                0x080006dc                XMC_SCU_CLOCK_SetSystemPllClockSource
 .text.XMC_SCU_HIB_SetRtcClockSource
                0x0800071c       0x3c ./Libraries/XMCLib/src/xmc4_scu.o
                0x0800071c                XMC_SCU_HIB_SetRtcClockSource
 .text.XMC_SCU_HIB_SetStandbyClockSource
                0x08000758       0x3c ./Libraries/XMCLib/src/xmc4_scu.o
                0x08000758                XMC_SCU_HIB_SetStandbyClockSource
 .text.XMC_SCU_CLOCK_SetSystemClockDivider
                0x08000794       0x28 ./Libraries/XMCLib/src/xmc4_scu.o
                0x08000794                XMC_SCU_CLOCK_SetSystemClockDivider
 .text.XMC_SCU_CLOCK_SetCcuClockDivider
                0x080007bc       0x28 ./Libraries/XMCLib/src/xmc4_scu.o
                0x080007bc                XMC_SCU_CLOCK_SetCcuClockDivider
 .text.XMC_SCU_CLOCK_SetCpuClockDivider
                0x080007e4       0x28 ./Libraries/XMCLib/src/xmc4_scu.o
                0x080007e4                XMC_SCU_CLOCK_SetCpuClockDivider
 .text.XMC_SCU_CLOCK_SetPeripheralClockDivider
                0x0800080c       0x28 ./Libraries/XMCLib/src/xmc4_scu.o
                0x0800080c                XMC_SCU_CLOCK_SetPeripheralClockDivider
 .text.XMC_SCU_CLOCK_SetUsbClockDivider
                0x08000834       0x28 ./Libraries/XMCLib/src/xmc4_scu.o
                0x08000834                XMC_SCU_CLOCK_SetUsbClockDivider
 .text.XMC_SCU_CLOCK_SetEbuClockDivider
                0x0800085c       0x28 ./Libraries/XMCLib/src/xmc4_scu.o
                0x0800085c                XMC_SCU_CLOCK_SetEbuClockDivider
 .text.XMC_SCU_CLOCK_SetWdtClockDivider
                0x08000884       0x28 ./Libraries/XMCLib/src/xmc4_scu.o
                0x08000884                XMC_SCU_CLOCK_SetWdtClockDivider
 .text.XMC_SCU_CLOCK_EnableUsbPll
                0x080008ac       0x20 ./Libraries/XMCLib/src/xmc4_scu.o
                0x080008ac                XMC_SCU_CLOCK_EnableUsbPll
 .text.XMC_SCU_CLOCK_StartUsbPll
                0x080008cc       0xb4 ./Libraries/XMCLib/src/xmc4_scu.o
                0x080008cc                XMC_SCU_CLOCK_StartUsbPll
 .text.XMC_SCU_CLOCK_SetBackupClockCalibrationMode
                0x08000980       0x4c ./Libraries/XMCLib/src/xmc4_scu.o
                0x08000980                XMC_SCU_CLOCK_SetBackupClockCalibrationMode
 .text.XMC_SCU_HIB_EnableHibernateDomain
                0x080009cc       0x58 ./Libraries/XMCLib/src/xmc4_scu.o
                0x080009cc                XMC_SCU_HIB_EnableHibernateDomain
 .text.XMC_SCU_CLOCK_IsLowPowerOscillatorStable
                0x08000a24       0x24 ./Libraries/XMCLib/src/xmc4_scu.o
                0x08000a24                XMC_SCU_CLOCK_IsLowPowerOscillatorStable
 .text.XMC_SCU_CLOCK_EnableLowPowerOscillator
                0x08000a48       0x70 ./Libraries/XMCLib/src/xmc4_scu.o
                0x08000a48                XMC_SCU_CLOCK_EnableLowPowerOscillator
 .text.XMC_SCU_CLOCK_EnableHighPerformanceOscillator
                0x08000ab8       0x50 ./Libraries/XMCLib/src/xmc4_scu.o
                0x08000ab8                XMC_SCU_CLOCK_EnableHighPerformanceOscillator
 .text.XMC_SCU_CLOCK_IsHighPerformanceOscillatorStable
                0x08000b08       0x28 ./Libraries/XMCLib/src/xmc4_scu.o
                0x08000b08                XMC_SCU_CLOCK_IsHighPerformanceOscillatorStable
 .text.XMC_SCU_CLOCK_EnableSystemPll
                0x08000b30       0x20 ./Libraries/XMCLib/src/xmc4_scu.o
                0x08000b30                XMC_SCU_CLOCK_EnableSystemPll
 .text.XMC_SCU_CLOCK_DisableSystemPll
                0x08000b50       0x20 ./Libraries/XMCLib/src/xmc4_scu.o
                0x08000b50                XMC_SCU_CLOCK_DisableSystemPll
 .text.XMC_SCU_CLOCK_StartSystemPll
                0x08000b70      0x19c ./Libraries/XMCLib/src/xmc4_scu.o
                0x08000b70                XMC_SCU_CLOCK_StartSystemPll
 .text.XMC_SCU_CLOCK_StepSystemPllFrequency
                0x08000d0c       0x3c ./Libraries/XMCLib/src/xmc4_scu.o
                0x08000d0c                XMC_SCU_CLOCK_StepSystemPllFrequency
 .text.XMC_GPIO_SetHardwareControl
                0x08000d48       0x44 ./Libraries/XMCLib/src/xmc_gpio.o
                0x08000d48                XMC_GPIO_SetHardwareControl
 .text._init    0x08000d8c        0xc ./Libraries/Newlib/syscalls.o
                0x08000d8c                _init
 .text.__NVIC_GetPriorityGrouping
                0x08000d98       0x1c ./Dave/Generated/SYSTIMER/systimer.o
 .text.__NVIC_SetPriority
                0x08000db4       0x54 ./Dave/Generated/SYSTIMER/systimer.o
 .text.NVIC_EncodePriority
                0x08000e08       0x64 ./Dave/Generated/SYSTIMER/systimer.o
 .text.SysTick_Config
                0x08000e6c       0x44 ./Dave/Generated/SYSTIMER/systimer.o
 .text.SYSTIMER_lInsertTimerList
                0x08000eb0      0x1c4 ./Dave/Generated/SYSTIMER/systimer.o
 .text.SYSTIMER_lRemoveTimerList
                0x08001074       0xc0 ./Dave/Generated/SYSTIMER/systimer.o
 .text.SYSTIMER_lTimerHandler
                0x08001134       0xcc ./Dave/Generated/SYSTIMER/systimer.o
 .text.SysTick_Handler
                0x08001200       0x48 ./Dave/Generated/SYSTIMER/systimer.o
                0x08001200                SysTick_Handler
 .text.SYSTIMER_Init
                0x08001248       0x74 ./Dave/Generated/SYSTIMER/systimer.o
                0x08001248                SYSTIMER_Init
 .text.SYSTIMER_CreateTimer
                0x080012bc      0x13c ./Dave/Generated/SYSTIMER/systimer.o
                0x080012bc                SYSTIMER_CreateTimer
 .text.SYSTIMER_StartTimer
                0x080013f8       0x80 ./Dave/Generated/SYSTIMER/systimer.o
                0x080013f8                SYSTIMER_StartTimer
 .text.DIGITAL_IO_Init
                0x08001478       0x40 ./Dave/Generated/DIGITAL_IO/digital_io.o
                0x08001478                DIGITAL_IO_Init
 .text.__NVIC_SetPriorityGrouping
                0x080014b8       0x48 ./Dave/Generated/CPU_CTRL_XMC4/cpu_ctrl_xmc4_conf.o
 .text.SystemCoreSetup
                0x08001500       0xa0 ./Dave/Generated/CPU_CTRL_XMC4/cpu_ctrl_xmc4_conf.o
                0x08001500                SystemCoreSetup
 .text.CLOCK_XMC4_Init
                0x080015a0       0x20 ./Dave/Generated/CLOCK_XMC4/clock_xmc4.o
                0x080015a0                CLOCK_XMC4_Init
 .text.OSCHP_GetFrequency
                0x080015c0       0x14 ./Dave/Generated/CLOCK_XMC4/clock_xmc4.o
                0x080015c0                OSCHP_GetFrequency
 .text.SystemCoreClockSetup
                0x080015d4       0x58 ./Dave/Generated/CLOCK_XMC4/clock_xmc4_conf.o
                0x080015d4                SystemCoreClockSetup
 .text.DAVE_Init
                0x0800162c       0xd8 ./Dave/Generated/DAVE.o
                0x0800162c                DAVE_Init
 .text.XMC_GPIO_SetOutputHigh
                0x08001704       0x20 ./main.o
 .text.XMC_GPIO_SetOutputLow
                0x08001724       0x24 ./main.o
 .text.DIGITAL_IO_SetOutputHigh
                0x08001748       0x20 ./main.o
 .text.DIGITAL_IO_SetOutputLow
                0x08001768       0x20 ./main.o
 .text.Timer_Callback
                0x08001788       0x2c ./main.o
                0x08001788                Timer_Callback
 .text.Delay_ms
                0x080017b4       0x2c ./main.o
                0x080017b4                Delay_ms
 .text.main     0x080017e0       0xcc ./main.o
                0x080017e0                main
 .text.__libc_init_array
                0x080018ac       0x50 d:/dave-ide-4.4.2-64bit/eclipse/arm-gcc-49/bin/../lib/gcc/arm-none-eabi/4.9.3/../../../../arm-none-eabi/lib/armv7e-m/softfp\libg.a(lib_a-init.o)
                0x080018ac                __libc_init_array
 *(.init)
 *(.fini)
 *crtbegin.o(.ctors)
 *crtbegin?.o(.ctors)
 *(EXCLUDE_FILE(*crtend.o *crtend?.o) .ctors)
 *(SORT(.ctors.*))
 *(.ctors)
 *crtbegin.o(.dtors)
 *crtbegin?.o(.dtors)
 *(EXCLUDE_FILE(*crtend.o *crtend?.o) .dtors)
 *(SORT(.dtors.*))
 *(.dtors)
 *(.rodata .rodata.*)
 .rodata.DIGITAL_IO_0
                0x080018fc       0x14 ./Dave/Generated/DIGITAL_IO/digital_io_conf.o
                0x080018fc                DIGITAL_IO_0
 .rodata.DIGITAL_IO_1
                0x08001910       0x14 ./Dave/Generated/DIGITAL_IO/digital_io_conf.o
                0x08001910                DIGITAL_IO_1
 .rodata.DIGITAL_IO_2
                0x08001924       0x14 ./Dave/Generated/DIGITAL_IO/digital_io_conf.o
                0x08001924                DIGITAL_IO_2
 .rodata.DIGITAL_IO_3
                0x08001938       0x14 ./Dave/Generated/DIGITAL_IO/digital_io_conf.o
                0x08001938                DIGITAL_IO_3
 .rodata.DIGITAL_IO_4
                0x0800194c       0x14 ./Dave/Generated/DIGITAL_IO/digital_io_conf.o
                0x0800194c                DIGITAL_IO_4
 .rodata.DIGITAL_IO_5
                0x08001960       0x14 ./Dave/Generated/DIGITAL_IO/digital_io_conf.o
                0x08001960                DIGITAL_IO_5
 .rodata.DIGITAL_IO_6
                0x08001974       0x14 ./Dave/Generated/DIGITAL_IO/digital_io_conf.o
                0x08001974                DIGITAL_IO_6
 .rodata.DIGITAL_IO_7
                0x08001988       0x14 ./Dave/Generated/DIGITAL_IO/digital_io_conf.o
                0x08001988                DIGITAL_IO_7
 .rodata        0x0800199c       0x14 ./Dave/Generated/CLOCK_XMC4/clock_xmc4_conf.o
 *(.gnu.linkonce.r*)
 *(vtable)
                0x080019b0                . = ALIGN (0x4)

.glue_7         0x080019b0        0x0 load address 0x0c0019b0
 .glue_7        0x00000000        0x0 linker stubs

.glue_7t        0x080019b0        0x0 load address 0x0c0019b0
 .glue_7t       0x00000000        0x0 linker stubs

.vfp11_veneer   0x080019b0        0x0 load address 0x0c0019b0
 .vfp11_veneer  0x00000000        0x0 linker stubs

.v4_bx          0x080019b0        0x0 load address 0x0c0019b0
 .v4_bx         0x00000000        0x0 linker stubs

.iplt           0x080019b0        0x0 load address 0x0c0019b0
 .iplt          0x00000000        0x0 ./Startup/startup_XMC4700.o

.rel.dyn        0x080019b0        0x0 load address 0x0c0019b0
 .rel.iplt      0x00000000        0x0 ./Startup/startup_XMC4700.o

.eh_frame_hdr
 *(.eh_frame_hdr)

.eh_frame
 *(.eh_frame)

.ARM.extab
 *(.ARM.extab* .gnu.linkonce.armextab.*)
                0x080019b0                . = ALIGN (0x4)
                0x080019b0                __exidx_start = .

.ARM.exidx
 *(.ARM.exidx* .gnu.linkonce.armexidx.*)
                0x080019b0                __exidx_end = .
                0x080019b0                . = ALIGN (0x4)

Stack           0x1ffe8000      0x800
                0x1ffe8000                __stack_start = .
                0x1ffe8800                . = (. + stack_size)
 *fill*         0x1ffe8000      0x800 
                0x1ffe8800                __stack_end = .
                0x1ffe8800                __initial_sp = .

.ram_code       0x1ffe8800        0x0 load address 0x0c0019b0
                0x1ffe8800                . = ALIGN (0x4)
                0x1ffe8800                __ram_code_start = .
 *(.ram_code)
                0x1ffe8800                . = ALIGN (0x4)
                0x1ffe8800                __ram_code_end = .
                0x0c0019b0                __ram_code_load = LOADADDR (.ram_code)
                0x00000000                __ram_code_size = (__ram_code_end - __ram_code_start)

.data           0x1ffe8800        0x0 load address 0x0c0019b0
                0x1ffe8800                . = ALIGN (0x4)
                0x1ffe8800                __data_start = .
 *(.data)
 *(.data*)
 *(*.data)
 *(.gnu.linkonce.d*)
                0x1ffe8800                . = ALIGN (0x4)
                0x1ffe8800                PROVIDE (__preinit_array_start, .)
 *(.preinit_array)
                0x1ffe8800                PROVIDE (__preinit_array_end, .)
                0x1ffe8800                . = ALIGN (0x4)
                0x1ffe8800                PROVIDE (__init_array_start, .)
 *(SORT(.init_array.*))
 *(.init_array)
                0x1ffe8800                PROVIDE (__init_array_end, .)
                0x1ffe8800                . = ALIGN (0x4)
                0x1ffe8800                PROVIDE (__fini_array_start, .)
 *(SORT(.fini_array.*))
 *(.fini_array)
                0x1ffe8800                PROVIDE (__fini_array_end, .)
                0x1ffe8800                . = ALIGN (0x4)
                0x1ffe8800                __data_end = .
                0x0c0019b0                __data_load = LOADADDR (.data)
                0x00000000                __data_size = (__data_end - __data_start)
                0x000019b0                __text_size = (((__exidx_end - sText) + __data_size) + __ram_code_size)
                0x080019b0                eText = (sText + __text_size)

.igot.plt       0x1ffe8800        0x0 load address 0x0c0019b0
 .igot.plt      0x00000000        0x0 ./Startup/startup_XMC4700.o

.bss            0x1ffe8800      0x138 load address 0x0c0019b0
                0x1ffe8800                . = ALIGN (0x4)
                0x1ffe8800                __bss_start = .
 *(.bss)
 *(.bss*)
 .bss.g_timer_list
                0x1ffe8800        0x4 ./Dave/Generated/SYSTIMER/systimer.o
                0x1ffe8800                g_timer_list
 .bss.g_timer_tracker
                0x1ffe8804        0x4 ./Dave/Generated/SYSTIMER/systimer.o
                0x1ffe8804                g_timer_tracker
 .bss.g_systick_count
                0x1ffe8808        0x4 ./Dave/Generated/SYSTIMER/systimer.o
                0x1ffe8808                g_systick_count
 .bss.SYSTIMER_0
                0x1ffe880c        0x4 ./Dave/Generated/SYSTIMER/systimer_conf.o
                0x1ffe880c                SYSTIMER_0
 .bss.CLOCK_XMC4_0
                0x1ffe8810        0x4 ./Dave/Generated/CLOCK_XMC4/clock_xmc4_conf.o
                0x1ffe8810                CLOCK_XMC4_0
 .bss.counter   0x1ffe8814        0x4 ./main.o
                0x1ffe8814                counter
 *(COMMON)
 COMMON         0x1ffe8818      0x120 ./Dave/Generated/SYSTIMER/systimer.o
                0x1ffe8818                g_timer_tbl
 *(.gnu.linkonce.b*)
                0x1ffe8938                . = ALIGN (0x4)
                0x1ffe8938                __bss_end = .
                0x00000138                __bss_size = (__bss_end - __bss_start)
                0x000176c8                __shift_loc = (__bss_end >= ORIGIN (DSRAM_1_system))?0x0:(ORIGIN (DSRAM_1_system) - __bss_end)

USB_RAM         0x20000000        0x0
                0x20000000                . = ALIGN (0x4)
                0x20000000                USB_RAM_start = .
 *(USB_RAM)
                0x20000000                . = ALIGN (0x4)
                0x20000000                USB_RAM_end = .
                0x00000000                USB_RAM_size = (USB_RAM_end - USB_RAM_start)

ETH_RAM         0x20000000        0x0
                0x20000000                . = ALIGN (0x4)
                0x20000000                ETH_RAM_start = .
 *(ETH_RAM)
                0x20000000                . = ALIGN (0x4)
                0x20000000                ETH_RAM_end = .
                0x20000000                . = ALIGN (0x8)
                0x20000000                Heap_Bank1_Start = .
                0x00000000                ETH_RAM_size = (ETH_RAM_end - ETH_RAM_start)

.no_init        0x2003ffc0       0x14
                0x2003ffc0                Heap_Bank1_End = .
 *(.no_init)
 .no_init       0x2003ffc0       0x14 ./Startup/system_XMC4700.o
                0x2003ffc0                SystemCoreClock
                0x2003ffc4                g_chipid
                0x0003ffc0                Heap_Bank1_Size = (Heap_Bank1_End - Heap_Bank1_Start)
                0x00000001                ASSERT ((Heap_Bank1_Start <= Heap_Bank1_End), region SRAM_combined overflowed no_init section)

/DISCARD/
 *(.comment)

.stab
 *(.stab)

.stabstr
 *(.stabstr)

.debug
 *(.debug)

.line
 *(.line)

.debug_srcinfo
 *(.debug_srcinfo)

.debug_sfnames
 *(.debug_sfnames)

.debug_aranges  0x00000000      0x6e8
 *(.debug_aranges)
 .debug_aranges
                0x00000000       0x20 ./Startup/startup_XMC4700.o
 .debug_aranges
                0x00000020       0x48 ./Startup/system_XMC4700.o
 .debug_aranges
                0x00000068       0x28 ./Libraries/XMCLib/src/xmc4_gpio.o
 .debug_aranges
                0x00000090      0x3e0 ./Libraries/XMCLib/src/xmc4_scu.o
 .debug_aranges
                0x00000470       0x28 ./Libraries/XMCLib/src/xmc_gpio.o
 .debug_aranges
                0x00000498       0x28 ./Libraries/Newlib/syscalls.o
 .debug_aranges
                0x000004c0       0xe0 ./Dave/Generated/SYSTIMER/systimer.o
 .debug_aranges
                0x000005a0       0x18 ./Dave/Generated/SYSTIMER/systimer_conf.o
 .debug_aranges
                0x000005b8       0x28 ./Dave/Generated/DIGITAL_IO/digital_io.o
 .debug_aranges
                0x000005e0       0x18 ./Dave/Generated/DIGITAL_IO/digital_io_conf.o
 .debug_aranges
                0x000005f8       0x28 ./Dave/Generated/CPU_CTRL_XMC4/cpu_ctrl_xmc4_conf.o
 .debug_aranges
                0x00000620       0x38 ./Dave/Generated/CLOCK_XMC4/clock_xmc4.o
 .debug_aranges
                0x00000658       0x20 ./Dave/Generated/CLOCK_XMC4/clock_xmc4_conf.o
 .debug_aranges
                0x00000678       0x20 ./Dave/Generated/DAVE.o
 .debug_aranges
                0x00000698       0x50 ./main.o

.debug_pubnames
 *(.debug_pubnames)

.debug_pubtypes
 *(.debug_pubtypes)

.debug_info     0x00000000     0x7265
 *(.debug_info .gnu.linkonce.wi.*)
 .debug_info    0x00000000       0x77 ./Startup/startup_XMC4700.o
 .debug_info    0x00000077      0xa3d ./Startup/system_XMC4700.o
 .debug_info    0x00000ab4      0x4dd ./Libraries/XMCLib/src/xmc4_gpio.o
 .debug_info    0x00000f91     0x2425 ./Libraries/XMCLib/src/xmc4_scu.o
 .debug_info    0x000033b6      0x458 ./Libraries/XMCLib/src/xmc_gpio.o
 .debug_info    0x0000380e      0x11f ./Libraries/Newlib/syscalls.o
 .debug_info    0x0000392d     0x1357 ./Dave/Generated/SYSTIMER/systimer.o
 .debug_info    0x00004c84      0x1a9 ./Dave/Generated/SYSTIMER/systimer_conf.o
 .debug_info    0x00004e2d      0x597 ./Dave/Generated/DIGITAL_IO/digital_io.o
 .debug_info    0x000053c4      0x550 ./Dave/Generated/DIGITAL_IO/digital_io_conf.o
 .debug_info    0x00005914      0x52e ./Dave/Generated/CPU_CTRL_XMC4/cpu_ctrl_xmc4_conf.o
 .debug_info    0x00005e42      0x2dd ./Dave/Generated/CLOCK_XMC4/clock_xmc4.o
 .debug_info    0x0000611f      0x43e ./Dave/Generated/CLOCK_XMC4/clock_xmc4_conf.o
 .debug_info    0x0000655d      0x5ff ./Dave/Generated/DAVE.o
 .debug_info    0x00006b5c      0x709 ./main.o

.debug_abbrev   0x00000000     0x1604
 *(.debug_abbrev)
 .debug_abbrev  0x00000000       0x14 ./Startup/startup_XMC4700.o
 .debug_abbrev  0x00000014      0x1f1 ./Startup/system_XMC4700.o
 .debug_abbrev  0x00000205      0x144 ./Libraries/XMCLib/src/xmc4_gpio.o
 .debug_abbrev  0x00000349      0x2a3 ./Libraries/XMCLib/src/xmc4_scu.o
 .debug_abbrev  0x000005ec      0x144 ./Libraries/XMCLib/src/xmc_gpio.o
 .debug_abbrev  0x00000730       0xbd ./Libraries/Newlib/syscalls.o
 .debug_abbrev  0x000007ed      0x36d ./Dave/Generated/SYSTIMER/systimer.o
 .debug_abbrev  0x00000b5a       0xc2 ./Dave/Generated/SYSTIMER/systimer_conf.o
 .debug_abbrev  0x00000c1c      0x171 ./Dave/Generated/DIGITAL_IO/digital_io.o
 .debug_abbrev  0x00000d8d      0x126 ./Dave/Generated/DIGITAL_IO/digital_io_conf.o
 .debug_abbrev  0x00000eb3      0x1b4 ./Dave/Generated/CPU_CTRL_XMC4/cpu_ctrl_xmc4_conf.o
 .debug_abbrev  0x00001067      0x13d ./Dave/Generated/CLOCK_XMC4/clock_xmc4.o
 .debug_abbrev  0x000011a4      0x134 ./Dave/Generated/CLOCK_XMC4/clock_xmc4_conf.o
 .debug_abbrev  0x000012d8      0x146 ./Dave/Generated/DAVE.o
 .debug_abbrev  0x0000141e      0x1e6 ./main.o

.debug_line     0x00000000     0x2ec9
 *(.debug_line)
 .debug_line    0x00000000       0x87 ./Startup/startup_XMC4700.o
 .debug_line    0x00000087      0x2e1 ./Startup/system_XMC4700.o
 .debug_line    0x00000368      0x1e7 ./Libraries/XMCLib/src/xmc4_gpio.o
 .debug_line    0x0000054f      0xdd9 ./Libraries/XMCLib/src/xmc4_scu.o
 .debug_line    0x00001328      0x1d4 ./Libraries/XMCLib/src/xmc_gpio.o
 .debug_line    0x000014fc       0xba ./Libraries/Newlib/syscalls.o
 .debug_line    0x000015b6      0x5b1 ./Dave/Generated/SYSTIMER/systimer.o
 .debug_line    0x00001b67      0x164 ./Dave/Generated/SYSTIMER/systimer_conf.o
 .debug_line    0x00001ccb      0x239 ./Dave/Generated/DIGITAL_IO/digital_io.o
 .debug_line    0x00001f04      0x1c8 ./Dave/Generated/DIGITAL_IO/digital_io_conf.o
 .debug_line    0x000020cc      0x241 ./Dave/Generated/CPU_CTRL_XMC4/cpu_ctrl_xmc4_conf.o
 .debug_line    0x0000230d      0x26f ./Dave/Generated/CLOCK_XMC4/clock_xmc4.o
 .debug_line    0x0000257c      0x246 ./Dave/Generated/CLOCK_XMC4/clock_xmc4_conf.o
 .debug_line    0x000027c2      0x308 ./Dave/Generated/DAVE.o
 .debug_line    0x00002aca      0x3ff ./main.o

.debug_frame    0x00000000     0x1b54
 *(.debug_frame)
 .debug_frame   0x00000000       0xec ./Startup/system_XMC4700.o
 .debug_frame   0x000000ec       0x60 ./Libraries/XMCLib/src/xmc4_gpio.o
 .debug_frame   0x0000014c     0x1238 ./Libraries/XMCLib/src/xmc4_scu.o
 .debug_frame   0x00001384       0x60 ./Libraries/XMCLib/src/xmc_gpio.o
 .debug_frame   0x000013e4       0x5c ./Libraries/Newlib/syscalls.o
 .debug_frame   0x00001440      0x3ec ./Dave/Generated/SYSTIMER/systimer.o
 .debug_frame   0x0000182c       0x60 ./Dave/Generated/DIGITAL_IO/digital_io.o
 .debug_frame   0x0000188c       0x60 ./Dave/Generated/CPU_CTRL_XMC4/cpu_ctrl_xmc4_conf.o
 .debug_frame   0x000018ec       0xac ./Dave/Generated/CLOCK_XMC4/clock_xmc4.o
 .debug_frame   0x00001998       0x3c ./Dave/Generated/CLOCK_XMC4/clock_xmc4_conf.o
 .debug_frame   0x000019d4       0x38 ./Dave/Generated/DAVE.o
 .debug_frame   0x00001a0c      0x11c ./main.o
 .debug_frame   0x00001b28       0x2c d:/dave-ide-4.4.2-64bit/eclipse/arm-gcc-49/bin/../lib/gcc/arm-none-eabi/4.9.3/../../../../arm-none-eabi/lib/armv7e-m/softfp\libg.a(lib_a-init.o)

.debug_str      0x00000000     0x3ff8
 *(.debug_str)
 .debug_str     0x00000000      0x5f0 ./Startup/system_XMC4700.o
                                0x65c (size before relaxing)
 .debug_str     0x000005f0      0x544 ./Libraries/XMCLib/src/xmc4_gpio.o
                                0x7d6 (size before relaxing)
 .debug_str     0x00000b34     0x2371 ./Libraries/XMCLib/src/xmc4_scu.o
                               0x28ce (size before relaxing)
 .debug_str     0x00002ea5       0xca ./Libraries/XMCLib/src/xmc_gpio.o
                                0x684 (size before relaxing)
 .debug_str     0x00002f6f       0x75 ./Libraries/Newlib/syscalls.o
                                0x212 (size before relaxing)
 .debug_str     0x00002fe4      0xb9a ./Dave/Generated/SYSTIMER/systimer.o
                                0xec1 (size before relaxing)
 .debug_str     0x00003b7e       0x36 ./Dave/Generated/SYSTIMER/systimer_conf.o
                                0x2a4 (size before relaxing)
 .debug_str     0x00003bb4       0xdf ./Dave/Generated/DIGITAL_IO/digital_io.o
                                0x913 (size before relaxing)
 .debug_str     0x00003c93       0x97 ./Dave/Generated/DIGITAL_IO/digital_io_conf.o
                                0x8bc (size before relaxing)
 .debug_str     0x00003d2a       0x94 ./Dave/Generated/CPU_CTRL_XMC4/cpu_ctrl_xmc4_conf.o
                                0x416 (size before relaxing)
 .debug_str     0x00003dbe       0xe7 ./Dave/Generated/CLOCK_XMC4/clock_xmc4.o
                                0x3c7 (size before relaxing)
 .debug_str     0x00003ea5       0x50 ./Dave/Generated/CLOCK_XMC4/clock_xmc4_conf.o
                                0x7a7 (size before relaxing)
 .debug_str     0x00003ef5       0x65 ./Dave/Generated/DAVE.o
                                0x958 (size before relaxing)
 .debug_str     0x00003f5a       0x9e ./main.o
                                0xa18 (size before relaxing)

.debug_loc      0x00000000     0x3728
 *(.debug_loc)
 .debug_loc     0x00000000      0x1a4 ./Startup/system_XMC4700.o
 .debug_loc     0x000001a4       0xb8 ./Libraries/XMCLib/src/xmc4_gpio.o
 .debug_loc     0x0000025c     0x2618 ./Libraries/XMCLib/src/xmc4_scu.o
 .debug_loc     0x00002874       0xb8 ./Libraries/XMCLib/src/xmc_gpio.o
 .debug_loc     0x0000292c       0x94 ./Libraries/Newlib/syscalls.o
 .debug_loc     0x000029c0      0x7f4 ./Dave/Generated/SYSTIMER/systimer.o
 .debug_loc     0x000031b4       0xac ./Dave/Generated/DIGITAL_IO/digital_io.o
 .debug_loc     0x00003260       0xac ./Dave/Generated/CPU_CTRL_XMC4/cpu_ctrl_xmc4_conf.o
 .debug_loc     0x0000330c      0x14c ./Dave/Generated/CLOCK_XMC4/clock_xmc4.o
 .debug_loc     0x00003458       0x50 ./Dave/Generated/CLOCK_XMC4/clock_xmc4_conf.o
 .debug_loc     0x000034a8       0x50 ./Dave/Generated/DAVE.o
 .debug_loc     0x000034f8      0x230 ./main.o

.debug_macinfo
 *(.debug_macinfo)

.debug_ranges   0x00000000      0x5d8
 *(.debug_ranges)
 .debug_ranges  0x00000000       0x38 ./Startup/system_XMC4700.o
 .debug_ranges  0x00000038       0x18 ./Libraries/XMCLib/src/xmc4_gpio.o
 .debug_ranges  0x00000050      0x3d0 ./Libraries/XMCLib/src/xmc4_scu.o
 .debug_ranges  0x00000420       0x18 ./Libraries/XMCLib/src/xmc_gpio.o
 .debug_ranges  0x00000438       0x18 ./Libraries/Newlib/syscalls.o
 .debug_ranges  0x00000450       0xd0 ./Dave/Generated/SYSTIMER/systimer.o
 .debug_ranges  0x00000520       0x18 ./Dave/Generated/DIGITAL_IO/digital_io.o
 .debug_ranges  0x00000538       0x18 ./Dave/Generated/CPU_CTRL_XMC4/cpu_ctrl_xmc4_conf.o
 .debug_ranges  0x00000550       0x28 ./Dave/Generated/CLOCK_XMC4/clock_xmc4.o
 .debug_ranges  0x00000578       0x10 ./Dave/Generated/CLOCK_XMC4/clock_xmc4_conf.o
 .debug_ranges  0x00000588       0x10 ./Dave/Generated/DAVE.o
 .debug_ranges  0x00000598       0x40 ./main.o

.debug_weaknames
 *(.debug_weaknames)

.debug_funcnames
 *(.debug_funcnames)

.debug_typenames
 *(.debug_typenames)

.debug_varnames
 *(.debug_varnames)

.build_attributes
                0x00000000      0x359
 *(.ARM.attributes)
 .ARM.attributes
                0x00000000       0x25 ./Startup/startup_XMC4700.o
 .ARM.attributes
                0x00000025       0x37 ./Startup/system_XMC4700.o
 .ARM.attributes
                0x0000005c       0x37 ./Libraries/XMCLib/src/xmc4_gpio.o
 .ARM.attributes
                0x00000093       0x37 ./Libraries/XMCLib/src/xmc4_scu.o
 .ARM.attributes
                0x000000ca       0x37 ./Libraries/XMCLib/src/xmc_gpio.o
 .ARM.attributes
                0x00000101       0x37 ./Libraries/Newlib/syscalls.o
 .ARM.attributes
                0x00000138       0x37 ./Dave/Generated/SYSTIMER/systimer.o
 .ARM.attributes
                0x0000016f       0x37 ./Dave/Generated/SYSTIMER/systimer_conf.o
 .ARM.attributes
                0x000001a6       0x37 ./Dave/Generated/DIGITAL_IO/digital_io.o
 .ARM.attributes
                0x000001dd       0x37 ./Dave/Generated/DIGITAL_IO/digital_io_conf.o
 .ARM.attributes
                0x00000214       0x37 ./Dave/Generated/CPU_CTRL_XMC4/cpu_ctrl_xmc4_conf.o
 .ARM.attributes
                0x0000024b       0x37 ./Dave/Generated/CLOCK_XMC4/clock_xmc4.o
 .ARM.attributes
                0x00000282       0x37 ./Dave/Generated/CLOCK_XMC4/clock_xmc4_conf.o
 .ARM.attributes
                0x000002b9       0x37 ./Dave/Generated/DAVE.o
 .ARM.attributes
                0x000002f0       0x37 ./main.o
 .ARM.attributes
                0x00000327       0x32 d:/dave-ide-4.4.2-64bit/eclipse/arm-gcc-49/bin/../lib/gcc/arm-none-eabi/4.9.3/../../../../arm-none-eabi/lib/armv7e-m/softfp\libg.a(lib_a-init.o)
OUTPUT(XMC4700_BAR_LED.elf elf32-littlearm)
